// Jest Snapshot v1, https://goo.gl/fbAQLP

exports[`Header renders and matches snapshot 1`] = `
<div
  class="sticky top-0 z-20 py-2 bg-white md:py-6 md:mb-6 dark:bg-black"
>
  <div
    class="container flex items-center justify-between px-4 mx-auto lg:max-w-4xl"
  >
    <a
      class="font-medium tracking-wider transition-colors text-gray-900 hover:text-sky-500 uppercase dark:text-white"
      href="/"
    >
      Your Name
    </a>
    <div
      role="switch"
    />
  </div>
</div>
`;
